[7h[0;40;37m
[17Cммммммм[9Cммммм[15Cмммм
[12Cммлллллллллл   ллллллллллллллллл[5Cммллллллллмм
[11Cоллллллллллм    ллллллллллллллллл    лллллллллллллл
[12Cпллллп[15Cмлллл[9Cллллллп  плллллл
[12Cллллм[16Cллллл[8Cлллллл[6Cлллллл
[13Cплллллллл[12Cпллл[8Cллллп[7Cлллллл
[12Cлллллллппп[11Cлллл[10Cмлллл[6Cлллллл
[11Cлллллп[16Cллллл[8Cлллллл[5CАлллллл
[10Cоллллллмм  ллллл[7Cллллл[8Cоллллллм  мллллллн
[11Cплллллллллллпп[8Cллллл[9Cлллллллллллллллл
[13Cпплллллллллл[8Cлллпп[10Cппллллллллллпп
[17Cппппппп[29Cпппп
[13Ceating[13Cthree[12C[30m [37moranges

[13C[30m [33mмммммм  [37m[9C[30m [33mмммммм  [37m[10C[1;33m   мм
[0m[13C[33mлллллллл [37m[9C[33mллмллллл [37m[10C[1;33m мллллм
[0m[13C[33mлллллплл [37m[9C[33mлллллллл [37m[7C[1;30m  [0m [1;33mоллл[37mллл[33mн[0;33m [37m<-- that's not an
[9C[1;30m  мм[0;33m пппппп  [37m[7C[1;30mмм[0;33m пппппп  [37m[8C[1;30mмм[33m  пппп  [0;33m [37m    orange!
